==============================================================================
shopPage :: Login to eCommerce website                                        
==============================================================================
Validate UnSuccessful Login                                           | PASS |
------------------------------------------------------------------------------
shopPage :: Login to eCommerce website                                | PASS |
1 test, 1 passed, 0 failed
==============================================================================
Output:  C:\Users\lenovo\PycharmProjects\eCommerceWebAutomation\test\pabot_results\0\output.xml
